rm -f results.xml
"make" -f Makefile results.xml
make[1]: Entering directory '/home/supal/hft_nasdaq_itch/sim'
/usr/local/bin/verilator -cc --exe -Mdir sim_build --top-module top +define+DEBUG --timescale 1ns/1ps --vpi --public-flat-rw --prefix Vtop -o Vtop -LDFLAGS "-Wl,-rpath,/home/supal/hft_nasdaq_itch/.venv/lib/python3.12/site-packages/cocotb/libs -L/home/supal/hft_nasdaq_itch/.venv/lib/python3.12/site-packages/cocotb/libs -lcocotbvpi_verilator" --sv --trace /home/supal/hft_nasdaq_itch/sim/../rtl/message_pckg.sv /home/supal/hft_nasdaq_itch/sim/../rtl/top.sv /home/supal/hft_nasdaq_itch/.venv/lib/python3.12/site-packages/cocotb/share/lib/verilator/verilator.cpp
- V e r i l a t i o n   R e p o r t: Verilator 5.048 2026-04-26 rev v5.048-56-gc233a3905
- Verilator: Built from 0.072 MB sources in 4 modules, into 0.163 MB in 13 C++ files needing 0.000 MB
- Verilator: Walltime 0.017 s (elab=0.001, cvt=0.010, bld=0.000); cpu 0.017 s on 1 threads; allocated 31.949 MB
make -C sim_build  -f Vtop.mk
make[2]: Entering directory '/home/supal/hft_nasdaq_itch/sim/sim_build'
ccache g++  -I.  -MMD -I/usr/local/share/verilator/include -I/usr/local/share/verilator/include/vltstd -DVERILATOR=1 -DVM_COVERAGE=0 -DVM_SC=0 -DVM_TIMING=0 -DVM_TRACE=1 -DVM_TRACE_FST=0 -DVM_TRACE_VCD=1 -DVM_TRACE_SAIF=0 -faligned-new -fcf-protection=none -Wno-bool-operation -Wno-int-in-bool-context -Wno-shadow -Wno-sign-compare -Wno-subobject-linkage -Wno-tautological-compare -Wno-uninitialized -Wno-unused-but-set-parameter -Wno-unused-but-set-variable -Wno-unused-parameter -Wno-unused-variable      -Os  -c -o verilator.o /home/supal/hft_nasdaq_itch/.venv/lib/python3.12/site-packages/cocotb/share/lib/verilator/verilator.cpp
ccache g++ -Os  -I.  -MMD -I/usr/local/share/verilator/include -I/usr/local/share/verilator/include/vltstd -DVERILATOR=1 -DVM_COVERAGE=0 -DVM_SC=0 -DVM_TIMING=0 -DVM_TRACE=1 -DVM_TRACE_FST=0 -DVM_TRACE_VCD=1 -DVM_TRACE_SAIF=0 -faligned-new -fcf-protection=none -Wno-bool-operation -Wno-int-in-bool-context -Wno-shadow -Wno-sign-compare -Wno-subobject-linkage -Wno-tautological-compare -Wno-uninitialized -Wno-unused-but-set-parameter -Wno-unused-but-set-variable -Wno-unused-parameter -Wno-unused-variable      -c -o verilated.o /usr/local/share/verilator/include/verilated.cpp
ccache g++ -Os  -I.  -MMD -I/usr/local/share/verilator/include -I/usr/local/share/verilator/include/vltstd -DVERILATOR=1 -DVM_COVERAGE=0 -DVM_SC=0 -DVM_TIMING=0 -DVM_TRACE=1 -DVM_TRACE_FST=0 -DVM_TRACE_VCD=1 -DVM_TRACE_SAIF=0 -faligned-new -fcf-protection=none -Wno-bool-operation -Wno-int-in-bool-context -Wno-shadow -Wno-sign-compare -Wno-subobject-linkage -Wno-tautological-compare -Wno-uninitialized -Wno-unused-but-set-parameter -Wno-unused-but-set-variable -Wno-unused-parameter -Wno-unused-variable      -c -o verilated_dpi.o /usr/local/share/verilator/include/verilated_dpi.cpp
ccache g++ -Os  -I.  -MMD -I/usr/local/share/verilator/include -I/usr/local/share/verilator/include/vltstd -DVERILATOR=1 -DVM_COVERAGE=0 -DVM_SC=0 -DVM_TIMING=0 -DVM_TRACE=1 -DVM_TRACE_FST=0 -DVM_TRACE_VCD=1 -DVM_TRACE_SAIF=0 -faligned-new -fcf-protection=none -Wno-bool-operation -Wno-int-in-bool-context -Wno-shadow -Wno-sign-compare -Wno-subobject-linkage -Wno-tautological-compare -Wno-uninitialized -Wno-unused-but-set-parameter -Wno-unused-but-set-variable -Wno-unused-parameter -Wno-unused-variable      -c -o verilated_vpi.o /usr/local/share/verilator/include/verilated_vpi.cpp
ccache g++ -Os  -I.  -MMD -I/usr/local/share/verilator/include -I/usr/local/share/verilator/include/vltstd -DVERILATOR=1 -DVM_COVERAGE=0 -DVM_SC=0 -DVM_TIMING=0 -DVM_TRACE=1 -DVM_TRACE_FST=0 -DVM_TRACE_VCD=1 -DVM_TRACE_SAIF=0 -faligned-new -fcf-protection=none -Wno-bool-operation -Wno-int-in-bool-context -Wno-shadow -Wno-sign-compare -Wno-subobject-linkage -Wno-tautological-compare -Wno-uninitialized -Wno-unused-but-set-parameter -Wno-unused-but-set-variable -Wno-unused-parameter -Wno-unused-variable      -c -o verilated_vcd_c.o /usr/local/share/verilator/include/verilated_vcd_c.cpp
ccache g++ -Os  -I.  -MMD -I/usr/local/share/verilator/include -I/usr/local/share/verilator/include/vltstd -DVERILATOR=1 -DVM_COVERAGE=0 -DVM_SC=0 -DVM_TIMING=0 -DVM_TRACE=1 -DVM_TRACE_FST=0 -DVM_TRACE_VCD=1 -DVM_TRACE_SAIF=0 -faligned-new -fcf-protection=none -Wno-bool-operation -Wno-int-in-bool-context -Wno-shadow -Wno-sign-compare -Wno-subobject-linkage -Wno-tautological-compare -Wno-uninitialized -Wno-unused-but-set-parameter -Wno-unused-but-set-variable -Wno-unused-parameter -Wno-unused-variable      -c -o verilated_threads.o /usr/local/share/verilator/include/verilated_threads.cpp
python3 /usr/local/share/verilator/bin/verilator_includer -DVL_INCLUDE_OPT=include Vtop.cpp Vtop___024root__0.cpp Vtop_message_pckg__0.cpp Vtop__Dpi.cpp Vtop__Trace__0.cpp Vtop___024root__Slow.cpp Vtop___024root__0__Slow.cpp Vtop___024unit__Slow.cpp Vtop_message_pckg__Slow.cpp Vtop_message_pckg__0__Slow.cpp Vtop__Syms__Slow.cpp Vtop__Trace__0__Slow.cpp Vtop__TraceDecls__0__Slow.cpp > Vtop__ALL.cpp
ccache g++ -Os  -I.  -MMD -I/usr/local/share/verilator/include -I/usr/local/share/verilator/include/vltstd -DVERILATOR=1 -DVM_COVERAGE=0 -DVM_SC=0 -DVM_TIMING=0 -DVM_TRACE=1 -DVM_TRACE_FST=0 -DVM_TRACE_VCD=1 -DVM_TRACE_SAIF=0 -faligned-new -fcf-protection=none -Wno-bool-operation -Wno-int-in-bool-context -Wno-shadow -Wno-sign-compare -Wno-subobject-linkage -Wno-tautological-compare -Wno-uninitialized -Wno-unused-but-set-parameter -Wno-unused-but-set-variable -Wno-unused-parameter -Wno-unused-variable      -c -o Vtop__ALL.o Vtop__ALL.cpp
g++    verilator.o verilated.o verilated_dpi.o verilated_vpi.o verilated_vcd_c.o verilated_threads.o Vtop__ALL.a   -Wl,-rpath,/home/supal/hft_nasdaq_itch/.venv/lib/python3.12/site-packages/cocotb/libs -L/home/supal/hft_nasdaq_itch/.venv/lib/python3.12/site-packages/cocotb/libs -lcocotbvpi_verilator  -pthread -lpthread -latomic   -o Vtop
rm Vtop__ALL.verilator_deplist.tmp
make[2]: Leaving directory '/home/supal/hft_nasdaq_itch/sim/sim_build'
/home/supal/hft_nasdaq_itch/.venv/lib/python3.12/site-packages/cocotb_tools/makefiles/simulators/Makefile.verilator:69: Using MODULE is deprecated, please use COCOTB_TEST_MODULES instead.
rm -f results.xml
COCOTB_TEST_MODULES=tests.test_parser COCOTB_TESTCASE= COCOTB_TEST_FILTER= COCOTB_TOPLEVEL=top TOPLEVEL_LANG=verilog \
         sim_build/Vtop  --sv --trace   
     -.--ns INFO     gpi                                ..mbed/gpi_embed.cpp:93   in _embed_init_python              Using Python 3.12.4 interpreter at /home/supal/hft_nasdaq_itch/.venv/bin/python3
     -.--ns INFO     gpi                                ../gpi/GpiCommon.cpp:79   in gpi_print_registered_impl       VPI registered
     0.00ns INFO     cocotb                             Running on Verilator version 5.048 2026-04-26
     0.00ns INFO     cocotb                             Seeding Python random module with 1778766199
     0.00ns INFO     cocotb                             Initialized cocotb v2.0.1 from /home/supal/hft_nasdaq_itch/.venv/lib/python3.12/site-packages/cocotb
LOADED TEST
     0.00ns INFO     cocotb                             Running tests
     0.00ns INFO     cocotb.regression                  running tests.test_parser.simple_test (1/1)
STARTING TEST
  Message type: U
  Message type: U
  Message type: U
  Message type: U
  Message type: U
  Message type: U
  Message type: U
  Message type: U
  Message type: U
  Message type: U
  Message type: U
  Message type: U
  Message type: U
  Message type: U
  Message type: U
  Message type: D
  Message type: A
  Add Order No MPID: IVOO B 1600 @$87.3900
    20.00ns INFO     test                               [msg=16] type=A stock=5284498414025842720 price=873900
  1160.00ns ERROR    test                               valid: 0
  1160.00ns ERROR    test                               [msg=16] EXPECTED=873900 GOT=873900
  1160.00ns ERROR    test                               [msg=16] EXPECTED=1600 GOT=1600
NoMPID
873900
873900
  Message type: D
  Message type: U
  Message type: U
  Message type: U
  Message type: U
  Message type: U
  Message type: A
  Add Order No MPID: RETL S 100 @$7.1700
  1160.00ns INFO     test                               [msg=23] type=A stock=5928237170436349984 price=71700
  2670.00ns ERROR    test                               valid: 0
  2670.00ns ERROR    test                               [msg=23] EXPECTED=71700 GOT=71700
  2670.00ns ERROR    test                               [msg=23] EXPECTED=100 GOT=100
NoMPID
71700
71700
  Message type: U
  Message type: U
  Message type: D
  Message type: D
  Message type: U
  Message type: U
  Message type: U
  Message type: U
  Message type: E
  Message type: U
  Message type: U
  Message type: U
  Message type: U
  Message type: U
  Message type: U
  Message type: U
  Message type: U
  Message type: U
  Message type: A
  Add Order No MPID: XLF S 100 @$33.9500
  2670.00ns INFO     test                               [msg=42] type=A stock=6362537477359542304 price=339500
  3810.00ns ERROR    test                               valid: 0
  3810.00ns ERROR    test                               [msg=42] EXPECTED=339500 GOT=339500
  3810.00ns ERROR    test                               [msg=42] EXPECTED=100 GOT=100
NoMPID
339500
339500
  Message type: U
  Message type: U
  Message type: F
  Message type: U
  Message type: U
  Add Order No MPID: XLF S 4000 @$33.9500
  3810.00ns INFO     test                               [msg=47] type=A stock=6362537477359542304 price=339500
  5320.00ns ERROR    test                               valid: 0
  5320.00ns ERROR    test                               [msg=47] EXPECTED=339500 GOT=339500
  5320.00ns ERROR    test                               [msg=47] EXPECTED=4000 GOT=100
NoMPID
339500
339500
  5320.00ns WARNING  ..otb.Test simple_test.simple_test assert 100 == 4000
                                                         +  where 100 = int(LogicArray('00000000000000000000000001100100', Range(31, 'downto', 0)))
                                                         +    where LogicArray('00000000000000000000000001100100', Range(31, 'downto', 0)) = LogicArrayObject(top.debug_shares).value
                                                         +      where LogicArrayObject(top.debug_shares) = HierarchyObject(top).debug_shares
                                                         +  and   4000 = ITCH_MESSAGE(msg_type='A', stock=6362537477359542304, shares=4000, price=339500, buy_sell=83).shares
                                                        Traceback (most recent call last):
                                                          File "/home/supal/hft_nasdaq_itch/sim/tests/test_parser.py", line 54, in simple_test
                                                            assert int(dut.debug_shares.value)  == values.shares
                                                        AssertionError: assert 100 == 4000
                                                         +  where 100 = int(LogicArray('00000000000000000000000001100100', Range(31, 'downto', 0)))
                                                         +    where LogicArray('00000000000000000000000001100100', Range(31, 'downto', 0)) = LogicArrayObject(top.debug_shares).value
                                                         +      where LogicArrayObject(top.debug_shares) = HierarchyObject(top).debug_shares
                                                         +  and   4000 = ITCH_MESSAGE(msg_type='A', stock=6362537477359542304, shares=4000, price=339500, buy_sell=83).shares
  5320.00ns WARNING  cocotb.regression                  tests.test_parser.simple_test failed
  5320.00ns INFO     cocotb.regression                  ***************************************************************************************
                                                        ** TEST                           STATUS  SIM TIME (ns)  REAL TIME (s)  RATIO (ns/s) **
                                                        ***************************************************************************************
                                                        ** tests.test_parser.simple_test   FAIL        5320.00           0.02     272184.65  **
                                                        ***************************************************************************************
                                                        ** TESTS=1 PASS=0 FAIL=1 SKIP=0                5320.00           0.02     221247.52  **
                                                        ***************************************************************************************
- :0: Verilog $finish
make[1]: *** [/home/supal/hft_nasdaq_itch/.venv/lib/python3.12/site-packages/cocotb_tools/makefiles/simulators/Makefile.verilator:70: results.xml] Error 1
make[1]: Leaving directory '/home/supal/hft_nasdaq_itch/sim'
make: *** [/home/supal/hft_nasdaq_itch/.venv/lib/python3.12/site-packages/cocotb_tools/makefiles/Makefile.inc:17: sim] Error 2
